All 17 queries: 12 reads + 3 core metrics + 2 mutations.

SQLite 3.53.1; Python 3.12.14
Engine: Python sqlite3; real execution, not copied expected output.
Reference date: 2026-10-02; NULL is printed explicitly.
File: library_queries.sql; foreign_keys=1

=== library_queries.sql statement 1 ===
/*
도서관 SQL 조회 예제 — SQLite

대상 테이블: categories, authors, users, books, loans
준비: create_table.sql과 insert_items.sql로 테이블 및 데이터를 생성한다.
실행: 사용할 쿼리의 SELECT/UPDATE/DELETE부터 세미콜론까지 선택해 실행한다.
      이 파일은 조회만 실행한다. 수정 및 삭제는 modify.sql에 분리되어 있다.

날짜 기준: 2026-10-02, 반납기한은 대출일 + 14일로 가정한다.
return_date는 실제 반납일이며, NULL이면 아직 반납하지 않은 상태이다.
기한이 기준일보다 이전이고 미반납인 경우에만 연체로 판단한다.
book_id 하나는 책 한 권을 나타낸다.

이 파일: 조회 12개. 전체 제출물은 bonus/core.sql 3개 + modify.sql 2개 = 총 17개.

[기본 조회: 4개]
01. 회원 검색             : 이름이 '김'으로 시작하는 회원을 ID순으로 조회한다.
02. 최근 미반납 대출      : 미반납 대출 중 최근 5건을 조회한다.
03. 기간별 반납 내역      : 2026년 8월에 반납한 대출을 조회한다.
04. 과학 도서 검색        : 과학 카테고리(ID 5)의 책을 제목순으로 조회한다.

[조인: 4개]
05. 도서와 저자           : INNER JOIN으로 책 제목과 저자 이름을 조회한다.
06. 도서와 카테고리       : INNER JOIN으로 책 제목과 카테고리를 조회한다.
07. 미반납 상세 내역      : INNER JOIN으로 회원, 책, 기한, 연체 상태를 조회한다.
08. 등록 도서 없는 저자   : LEFT JOIN으로 책이 없는 저자도 찾아낸다.

[집계: 3개]
09. 카테고리별 도서 수    : GROUP BY와 COUNT로 카테고리별 책 수를 계산한다.
10. 회원별 대출 실적      : GROUP BY, COUNT, SUM으로 전체/미반납 건수를 계산한다.
11. 카테고리별 이용 기간  : GROUP BY, COUNT, SUM, AVG로 반납 도서 이용일을 계산한다.

[서브쿼리: 1개]
12. 대출 이력 없는 도서   : NOT EXISTS 서브쿼리로 한 번도 빌리지 않은 책을 찾는다.

*/

-- 01. 회원 검색: 이름이 '김'으로 시작하는 회원
SELECT user_id, name
FROM users
WHERE name LIKE '김%'
ORDER BY user_id;
user_id | name
--------+-------
1       | 김민수
19      | 김민수
rows: 2

=== library_queries.sql statement 2 ===
-- 02. 최근 미반납 대출: 최신 대출 5건
SELECT loan_id, user_id, book_id, loan_date, return_date
FROM loans
WHERE return_date IS NULL
ORDER BY loan_date DESC, loan_id DESC
LIMIT 5;
loan_id | user_id | book_id | loan_date  | return_date
--------+---------+---------+------------+------------
180     | 26      | 16      | 2026-10-02 | NULL
167     | 1       | 29      | 2026-10-02 | NULL
175     | 4       | 15      | 2026-10-01 | NULL
179     | 25      | 27      | 2026-09-30 | NULL
178     | 25      | 17      | 2026-09-30 | NULL
rows: 5

=== library_queries.sql statement 3 ===
-- 03. 기간별 반납 내역: 2026년 8월 반납 기록
SELECT loan_id, user_id, book_id, loan_date, return_date
FROM loans
WHERE return_date >= '2026-08-01'
  AND return_date < '2026-09-01'
ORDER BY return_date, loan_id;
loan_id | user_id | book_id | loan_date  | return_date
--------+---------+---------+------------+------------
161     | 17      | 5       | 2026-08-03 | 2026-08-06
157     | 22      | 20      | 2026-07-03 | 2026-08-17
162     | 13      | 7       | 2026-08-15 | 2026-08-18
163     | 18      | 14      | 2026-08-22 | 2026-08-25
rows: 4

=== library_queries.sql statement 4 ===
-- 04. 과학 도서 검색: 카테고리 5번의 책
SELECT book_id, title, author_id, category_id
FROM books
WHERE category_id = 5
ORDER BY title, book_id;
book_id | title                   | author_id | category_id
--------+-------------------------+-----------+------------
25      | 떨림과 울림             | 9         | 5
27      | 정재승의 과학콘서트     | 10        | 5
26      | 하늘과 바람과 별과 인간 | 9         | 5
rows: 3

=== library_queries.sql statement 5 ===
-- 05. 도서와 저자: INNER JOIN
SELECT b.book_id, b.title, a.name AS author_name
FROM books AS b
INNER JOIN authors AS a ON a.author_id = b.author_id
ORDER BY b.book_id;
book_id | title                        | author_name
--------+------------------------------+------------
1       | 채식주의자                   | 한강
2       | 소년이 온다                  | 한강
3       | 흰                           | 한강
4       | 작별하지 않는다              | 한강
5       | 희랍어 시간                  | 한강
6       | 살인자의 기억법              | 김영하
7       | 여행의 이유                  | 김영하
8       | 작별인사                     | 김영하
9       | 나는 나를 파괴할 권리가 있다 | 김영하
10      | 칼의 노래                    | 김훈
11      | 남한산성                     | 김훈
12      | 하얼빈                       | 김훈
13      | 흑산                         | 김훈
14      | 쇼코의 미소                  | 최은영
15      | 내게 무해한 사람             | 최은영
16      | 밝은 밤                      | 최은영
17      | 보건교사 안은영              | 정세랑
18      | 피프티 피플                  | 정세랑
19      | 시선으로부터,                | 정세랑
20      | 두근두근 내 인생             | 김애란
21      | 바깥은 여름                  | 김애란
22      | 비행운                       | 김애란
23      | 82년생 김지영                | 조남주
24      | 사하맨션                     | 조남주
25      | 떨림과 울림                  | 김상욱
26      | 하늘과 바람과 별과 인간      | 김상욱
27      | 정재승의 과학콘서트          | 정재승
28      | 열두 발자국                  | 정재승
29      | 하늘과 바람과 별과 시        | 윤동주
30      | 돈의 속성                    | 김승호
rows: 30

=== library_queries.sql statement 6 ===
-- 06. 도서와 카테고리: INNER JOIN
SELECT b.book_id, b.title, c.name AS category_name
FROM books AS b
INNER JOIN categories AS c ON c.category_id = b.category_id
ORDER BY c.category_id, b.book_id;
book_id | title                        | category_name
--------+------------------------------+--------------
1       | 채식주의자                   | 소설
2       | 소년이 온다                  | 소설
3       | 흰                           | 소설
4       | 작별하지 않는다              | 소설
5       | 희랍어 시간                  | 소설
6       | 살인자의 기억법              | 소설
8       | 작별인사                     | 소설
9       | 나는 나를 파괴할 권리가 있다 | 소설
10      | 칼의 노래                    | 소설
11      | 남한산성                     | 소설
12      | 하얼빈                       | 소설
13      | 흑산                         | 소설
16      | 밝은 밤                      | 소설
17      | 보건교사 안은영              | 소설
18      | 피프티 피플                  | 소설
19      | 시선으로부터,                | 소설
20      | 두근두근 내 인생             | 소설
23      | 82년생 김지영                | 소설
24      | 사하맨션                     | 소설
14      | 쇼코의 미소                  | 소설집
15      | 내게 무해한 사람             | 소설집
21      | 바깥은 여름                  | 소설집
22      | 비행운                       | 소설집
7       | 여행의 이유                  | 산문집
29      | 하늘과 바람과 별과 시        | 시집
25      | 떨림과 울림                  | 과학
26      | 하늘과 바람과 별과 인간      | 과학
27      | 정재승의 과학콘서트          | 과학
28      | 열두 발자국                  | 인문교양
30      | 돈의 속성                    | 경제경영
rows: 30

=== library_queries.sql statement 7 ===
-- 07. 미반납 상세 내역: 회원·도서 조인과 연체 상태
SELECT l.loan_id,
       u.user_id,
       u.name AS user_name,
       b.title AS book_title,
       l.loan_date,
       date(l.loan_date, '+14 days') AS due_date,
       l.return_date,
       CASE
           WHEN date(l.loan_date, '+14 days') < '2026-10-02' THEN '연체'
           WHEN date(l.loan_date, '+14 days') = '2026-10-02' THEN '오늘 기한'
           ELSE '기한 전'
       END AS loan_status
FROM loans AS l
INNER JOIN users AS u ON u.user_id = l.user_id
INNER JOIN books AS b ON b.book_id = l.book_id
WHERE l.return_date IS NULL
ORDER BY due_date, l.loan_id;
loan_id | user_id | user_name | book_title                   | loan_date  | due_date   | return_date | loan_status
--------+---------+-----------+------------------------------+------------+------------+-------------+------------
164     | 1       | 김민수    | 채식주의자                   | 2026-05-15 | 2026-05-29 | NULL        | 연체
165     | 1       | 김민수    | 살인자의 기억법              | 2026-07-01 | 2026-07-15 | NULL        | 연체
185     | 28      | 손채원    | 하얼빈                       | 2026-07-15 | 2026-07-29 | NULL        | 연체
184     | 7       | 윤지호    | 나는 나를 파괴할 권리가 있다 | 2026-08-01 | 2026-08-15 | NULL        | 연체
176     | 5       | 정하늘    | 칼의 노래                    | 2026-08-20 | 2026-09-03 | NULL        | 연체
168     | 2       | 이서연    | 소년이 온다                  | 2026-09-01 | 2026-09-15 | NULL        | 연체
171     | 3       | 박지훈    | 여행의 이유                  | 2026-09-07 | 2026-09-21 | NULL        | 연체
174     | 4       | 최유진    | 희랍어 시간                  | 2026-09-10 | 2026-09-24 | NULL        | 연체
183     | 6       | 강도윤    | 작별인사                     | 2026-09-17 | 2026-10-01 | NULL        | 연체
166     | 1       | 김민수    | 떨림과 울림                  | 2026-09-18 | 2026-10-02 | NULL        | 오늘 기한
177     | 5       | 정하늘    | 남한산성                     | 2026-09-18 | 2026-10-02 | NULL        | 오늘 기한
172     | 3       | 박지훈    | 쇼코의 미소                  | 2026-09-19 | 2026-10-03 | NULL        | 기한 전
181     | 27      | 유건우    | 피프티 피플                  | 2026-09-20 | 2026-10-04 | NULL        | 기한 전
182     | 27      | 유건우    | 시선으로부터,                | 2026-09-20 | 2026-10-04 | NULL        | 기한 전
169     | 2       | 이서연    | 흰                           | 2026-09-25 | 2026-10-09 | NULL        | 기한 전
170     | 2       | 이서연    | 작별하지 않는다              | 2026-09-26 | 2026-10-10 | NULL        | 기한 전
173     | 3       | 박지훈    | 열두 발자국                  | 2026-09-29 | 2026-10-13 | NULL        | 기한 전
178     | 25      | 조현서    | 보건교사 안은영              | 2026-09-30 | 2026-10-14 | NULL        | 기한 전
179     | 25      | 조현서    | 정재승의 과학콘서트          | 2026-09-30 | 2026-10-14 | NULL        | 기한 전
175     | 4       | 최유진    | 내게 무해한 사람             | 2026-10-01 | 2026-10-15 | NULL        | 기한 전
167     | 1       | 김민수    | 하늘과 바람과 별과 시        | 2026-10-02 | 2026-10-16 | NULL        | 기한 전
180     | 26      | 배지안    | 밝은 밤                      | 2026-10-02 | 2026-10-16 | NULL        | 기한 전
rows: 22

=== library_queries.sql statement 8 ===
-- 08. 등록 도서 없는 저자: LEFT JOIN의 미일치 행 조회
-- LEFT JOIN이 만든 미일치 행에서는 오른쪽 b.book_id가 NULL이다. 저자 8번 1행이 나온다.
SELECT a.author_id, a.name AS author_name
FROM authors AS a
LEFT JOIN books AS b ON b.author_id = a.author_id
WHERE b.book_id IS NULL
ORDER BY a.author_id;
author_id | author_name
----------+------------
8         | 황석영
rows: 1

=== library_queries.sql statement 9 ===
-- 09. 카테고리별 도서 수: 책이 없는 카테고리도 0권으로 표시
-- COUNT(*)는 미일치 행도 센다. COUNT(b.book_id)는 NULL을 제외해 카테고리 8~10을 0권으로 센다.
SELECT c.category_id,
       c.name AS category_name,
       COUNT(b.book_id) AS book_count
FROM categories AS c
LEFT JOIN books AS b ON b.category_id = c.category_id
GROUP BY c.category_id, c.name
ORDER BY book_count DESC, c.category_id;
category_id | category_name | book_count
------------+---------------+-----------
1           | 소설          | 19
2           | 소설집        | 4
5           | 과학          | 3
3           | 산문집        | 1
4           | 시집          | 1
6           | 인문교양      | 1
7           | 경제경영      | 1
8           | 역사          | 0
9           | 예술          | 0
10          | 여행          | 0
rows: 10

=== library_queries.sql statement 10 ===
-- 10. 회원별 대출 실적: 전체 대출과 미반납 건수
-- 동명이인은 user_id로 구분한다. COUNT는 loan_id의 NULL을 제외한다.
-- CASE에서 loan_id 존재도 확인해야 대출 없는 회원의 미일치 행을 미반납 1건으로 잘못 세지 않는다.
SELECT u.user_id,
       u.name AS user_name,
       COUNT(l.loan_id) AS total_loan_count,
       SUM(CASE
               WHEN l.loan_id IS NOT NULL AND l.return_date IS NULL THEN 1
               ELSE 0
           END) AS active_loan_count
FROM users AS u
LEFT JOIN loans AS l ON l.user_id = u.user_id
GROUP BY u.user_id, u.name
ORDER BY total_loan_count DESC, u.user_id;
user_id | user_name | total_loan_count | active_loan_count
--------+-----------+------------------+------------------
1       | 김민수    | 22               | 4
8       | 장수빈    | 22               | 0
2       | 이서연    | 17               | 3
3       | 박지훈    | 15               | 3
4       | 최유진    | 12               | 2
9       | 임현우    | 12               | 0
5       | 정하늘    | 10               | 2
10      | 한지민    | 10               | 0
6       | 강도윤    | 8                | 1
11      | 오세진    | 8                | 0
7       | 윤지호    | 7                | 1
12      | 서다은    | 6                | 0
13      | 신우진    | 5                | 0
14      | 권예린    | 5                | 0
15      | 황준서    | 4                | 0
16      | 안소윤    | 4                | 0
17      | 송태훈    | 3                | 0
18      | 류민지    | 3                | 0
19      | 김민수    | 2                | 0
20      | 홍지수    | 2                | 0
25      | 조현서    | 2                | 2
27      | 유건우    | 2                | 2
21      | 문성호    | 1                | 0
22      | 백예진    | 1                | 0
26      | 배지안    | 1                | 1
28      | 손채원    | 1                | 1
23      | 남준혁    | 0                | 0
24      | 전수아    | 0                | 0
29      | 양승민    | 0                | 0
30      | 노은채    | 0                | 0
rows: 30

=== library_queries.sql statement 11 ===
-- 11. 카테고리별 이용 기간: 반납 완료 건의 합계와 평균 이용일
-- SUM/AVG는 NULL을 제외한다. 반납 기록이 없으면 합계는 COALESCE로 0, 평균은 NULL을 유지한다.
-- 평균 NULL은 관측 없음이며, 실제 평균 이용일 0일과 다르다. 반납 조건을 ON에 두어 빈 범주를 보존한다.
SELECT c.category_id,
       c.name AS category_name,
       COUNT(l.loan_id) AS returned_loan_count,
       COALESCE(SUM(julianday(l.return_date) - julianday(l.loan_date)), 0)
           AS total_loan_days,
       ROUND(AVG(julianday(l.return_date) - julianday(l.loan_date)), 2)
           AS avg_loan_days
FROM categories AS c
LEFT JOIN books AS b ON b.category_id = c.category_id
LEFT JOIN loans AS l ON l.book_id = b.book_id AND l.return_date IS NOT NULL
GROUP BY c.category_id, c.name
ORDER BY c.category_id;
category_id | category_name | returned_loan_count | total_loan_days | avg_loan_days
------------+---------------+---------------------+-----------------+--------------
1           | 소설          | 118                 | 1650.0          | 13.98
2           | 소설집        | 25                  | 358.0           | 14.32
3           | 산문집        | 9                   | 131.0           | 14.56
4           | 시집          | 0                   | 0               | NULL
5           | 과학          | 10                  | 161.0           | 16.1
6           | 인문교양      | 1                   | 1.0             | 1.0
7           | 경제경영      | 0                   | 0               | NULL
8           | 역사          | 0                   | 0               | NULL
9           | 예술          | 0                   | 0               | NULL
10          | 여행          | 0                   | 0               | NULL
rows: 10

=== library_queries.sql statement 12 ===
-- 12. 대출 이력 없는 도서: NOT EXISTS 서브쿼리
-- 바깥 책 b마다 대출 l이 존재하는지 확인한다. 한 건이라도 있으면 제외한다. 결과는 도서 30번 1행.
SELECT b.book_id, b.title
FROM books AS b
WHERE NOT EXISTS (
    SELECT 1
    FROM loans AS l
    WHERE l.book_id = b.book_id
)
ORDER BY b.book_id;
book_id | title
--------+----------
30      | 돈의 속성
rows: 1
SQLite 3.53.1; Python 3.12.14
Engine: Python sqlite3; real execution, not copied expected output.
Reference date: 2026-10-02; NULL is printed explicitly.
File: bonus/core.sql; foreign_keys=1

=== bonus/core.sql statement 1 ===
/*
핵심 지표 3개. 조회 전용이며 library_queries.sql의 12개 조회와 별도로 실행한다.
초기 데이터에서 핵심 지표 예상값 (16~17번 실행 전)
1: 전체 30권 / 대출 중 22권 / 대출 가능 8권 / 대출 중 비율 73.33%
2: 전체 185건 / 반납 163건 / 미반납 22건 / 연체 9건 / 오늘 기한 2건 / 기한 전 11건
3: 전체 30명 / 이용 26명 / 미이용 4명 / 현재 대출 11명 / 회원당 평균 6.17건
데이터 수정 및 삭제 후에는 위 지표도 달라진다.
*/

-- 1. 핵심 지표: 도서 가용 현황 (현재 미반납 대출은 책당 최대 1건)
-- LEFT JOIN으로 모든 책을 남긴다. COUNT(l.loan_id)가 미반납 책 수다.
-- NULLIF는 책이 0권일 때 분모를 NULL로 바꾸어 비율을 '정의되지 않음'으로 표시한다.
SELECT COUNT(b.book_id) AS total_book_count,
       COUNT(l.loan_id) AS loaned_book_count,
       COUNT(b.book_id) - COUNT(l.loan_id) AS available_book_count,
       ROUND(100.0 * COUNT(l.loan_id) / NULLIF(COUNT(b.book_id), 0), 2)
           AS loaned_book_pct
FROM books AS b
LEFT JOIN loans AS l ON l.book_id = b.book_id AND l.return_date IS NULL;
total_book_count | loaned_book_count | available_book_count | loaned_book_pct
-----------------+-------------------+----------------------+----------------
30               | 22                | 8                    | 73.33
rows: 1

=== bonus/core.sql statement 2 ===
-- 2. 핵심 지표: 대출 및 연체 현황 (기준일 2026-10-02)
-- CASE로 각 상태를 1/0으로 변환해 SUM한다. 빈 loans에서는 SUM이 NULL이므로 COALESCE로 0을 반환한다.
SELECT COUNT(*) AS total_loan_count,
       COALESCE(SUM(CASE WHEN return_date IS NOT NULL THEN 1 ELSE 0 END), 0)
           AS returned_loan_count,
       COALESCE(SUM(CASE WHEN return_date IS NULL THEN 1 ELSE 0 END), 0)
           AS active_loan_count,
       COALESCE(SUM(CASE WHEN return_date IS NULL
                         AND date(loan_date, '+14 days') < '2026-10-02'
                        THEN 1 ELSE 0 END), 0) AS overdue_loan_count,
       COALESCE(SUM(CASE WHEN return_date IS NULL
                         AND date(loan_date, '+14 days') = '2026-10-02'
                        THEN 1 ELSE 0 END), 0) AS due_today_count,
       COALESCE(SUM(CASE WHEN return_date IS NULL
                         AND date(loan_date, '+14 days') > '2026-10-02'
                        THEN 1 ELSE 0 END), 0) AS not_yet_due_count
FROM loans;
total_loan_count | returned_loan_count | active_loan_count | overdue_loan_count | due_today_count | not_yet_due_count
-----------------+---------------------+-------------------+--------------------+-----------------+------------------
185              | 163                 | 22                | 9                  | 2               | 11
rows: 1

=== bonus/core.sql statement 3 ===
-- 3. 핵심 지표: 회원 이용 현황 (이용 회원은 대출 이력이 있는 회원)
-- 1단계: users LEFT JOIN loans로 대출 없는 회원도 남긴다.
-- 2단계: user_id별 loan_count / active_count를 계산한다(중간 결과 30행).
-- 예: 회원 1=(22,4), 회원 8=(22,0), 회원 23=(0,0), 회원 25=(2,2).
-- 3단계: 중간 결과를 회원 단위로 다시 집계한다. AVG는 대출 없는 회원도 포함해 185/30=6.17이다.
-- 중간 결과의 전체 표는 result_log/user_loan_summary.log를 참고한다.
SELECT COUNT(*) AS total_user_count,
       COALESCE(SUM(CASE WHEN loan_count > 0 THEN 1 ELSE 0 END), 0)
           AS borrowing_user_count,
       COALESCE(SUM(CASE WHEN loan_count = 0 THEN 1 ELSE 0 END), 0)
           AS never_borrowed_user_count,
       COALESCE(SUM(CASE WHEN active_count > 0 THEN 1 ELSE 0 END), 0)
           AS active_borrower_count,
       ROUND(AVG(loan_count), 2) AS avg_loans_per_user
FROM (
    SELECT u.user_id,
           COUNT(l.loan_id) AS loan_count,
           SUM(CASE
                   WHEN l.loan_id IS NOT NULL AND l.return_date IS NULL THEN 1
                   ELSE 0
               END) AS active_count
    FROM users AS u
    LEFT JOIN loans AS l ON l.user_id = u.user_id
    GROUP BY u.user_id
) AS user_loan_summary;
total_user_count | borrowing_user_count | never_borrowed_user_count | active_borrower_count | avg_loans_per_user
-----------------+----------------------+---------------------------+-----------------------+-------------------
30               | 26                   | 4                         | 11                    | 6.17
rows: 1
SQLite 3.53.1; Python 3.12.14
Engine: Python sqlite3; real execution, not copied expected output.
Reference date: 2026-10-02; NULL is printed explicitly.
File: modify.sql; foreign_keys=1

=== modify.sql statement 1 ===
/*
[데이터 수정 및 삭제: 2개]
전체 17개 중 수정 2개를 이 파일에 분리했다. 조회 실행만으로 데이터가 바뀌지 않는다.
초기 데이터에 한 번 실행하면 대출 184건, 미반납 21건이 된다.
다시 실행하면 조건에 맞는 행이 없으므로 RETURNING 결과가 0행이다.
13. 반납 처리             : UPDATE로 미반납 대출 164번의 실제 반납일을 기록한다.
14. 과거 대출 한 건 삭제  : DELETE로 반납 완료된 대출 1번을 삭제한다.
*/

-- 13. 반납 처리: 미반납 대출 164번의 실제 반납일 기록 (데이터 변경)
UPDATE loans
SET return_date = '2026-10-02'
WHERE loan_id = 164
  AND return_date IS NULL
  AND loan_date <= '2026-10-02'
RETURNING loan_id, user_id, book_id, loan_date, return_date;
loan_id | user_id | book_id | loan_date  | return_date
--------+---------+---------+------------+------------
164     | 1       | 1       | 2026-05-15 | 2026-10-02
rows: 1

=== modify.sql statement 2 ===
-- 14. 과거 대출 한 건 삭제: 반납 완료된 대출 1번만 삭제 (데이터 변경)
DELETE FROM loans
WHERE loan_id = 1
  AND return_date IS NOT NULL
RETURNING loan_id, user_id, book_id, loan_date, return_date;
loan_id | user_id | book_id | loan_date  | return_date
--------+---------+---------+------------+------------
1       | 2       | 1       | 2025-01-20 | 2025-01-21
rows: 1

PASS: all 17 statements executed successfully.
