user_id  name
-------  ----
1        김민수 
19       김민수 
loan_id  user_id  book_id  loan_date   return_date
-------  -------  -------  ----------  -----------
180      26       16       2026-10-02             
167      1        29       2026-10-02             
175      4        15       2026-10-01             
179      25       27       2026-09-30             
178      25       17       2026-09-30             
loan_id  user_id  book_id  loan_date   return_date
-------  -------  -------  ----------  -----------
161      17       5        2026-08-03  2026-08-06 
157      22       20       2026-07-03  2026-08-17 
162      13       7        2026-08-15  2026-08-18 
163      18       14       2026-08-22  2026-08-25 
book_id  title          author_id  category_id
-------  -------------  ---------  -----------
25       떨림과 울림         9          5          
27       정재승의 과학콘서트     10         5          
26       하늘과 바람과 별과 인간  9          5          
book_id  title             author_name
-------  ----------------  -----------
1        채식주의자             한강         
2        소년이 온다            한강         
3        흰                 한강         
4        작별하지 않는다          한강         
5        희랍어 시간            한강         
6        살인자의 기억법          김영하        
7        여행의 이유            김영하        
8        작별인사              김영하        
9        나는 나를 파괴할 권리가 있다  김영하        
10       칼의 노래             김훈         
11       남한산성              김훈         
12       하얼빈               김훈         
13       흑산                김훈         
14       쇼코의 미소            최은영        
15       내게 무해한 사람         최은영        
16       밝은 밤              최은영        
17       보건교사 안은영          정세랑        
18       피프티 피플            정세랑        
19       시선으로부터,           정세랑        
20       두근두근 내 인생         김애란        
21       바깥은 여름            김애란        
22       비행운               김애란        
23       82년생 김지영          조남주        
24       사하맨션              조남주        
25       떨림과 울림            김상욱        
26       하늘과 바람과 별과 인간     김상욱        
27       정재승의 과학콘서트        정재승        
28       열두 발자국            정재승        
29       하늘과 바람과 별과 시      윤동주        
30       돈의 속성             김승호        
book_id  title             category_name
-------  ----------------  -------------
1        채식주의자             소설           
2        소년이 온다            소설           
3        흰                 소설           
4        작별하지 않는다          소설           
5        희랍어 시간            소설           
6        살인자의 기억법          소설           
8        작별인사              소설           
9        나는 나를 파괴할 권리가 있다  소설           
10       칼의 노래             소설           
11       남한산성              소설           
12       하얼빈               소설           
13       흑산                소설           
16       밝은 밤              소설           
17       보건교사 안은영          소설           
18       피프티 피플            소설           
19       시선으로부터,           소설           
20       두근두근 내 인생         소설           
23       82년생 김지영          소설           
24       사하맨션              소설           
14       쇼코의 미소            소설집          
15       내게 무해한 사람         소설집          
21       바깥은 여름            소설집          
22       비행운               소설집          
7        여행의 이유            산문집          
29       하늘과 바람과 별과 시      시집           
25       떨림과 울림            과학           
26       하늘과 바람과 별과 인간     과학           
27       정재승의 과학콘서트        과학           
28       열두 발자국            인문교양         
30       돈의 속성             경제경영         
loan_id  user_id  user_name  book_title        loan_date   due_date    return_date  loan_status
-------  -------  ---------  ----------------  ----------  ----------  -----------  -----------
164      1        김민수        채식주의자             2026-05-15  2026-05-29               연체         
165      1        김민수        살인자의 기억법          2026-07-01  2026-07-15               연체         
185      28       손채원        하얼빈               2026-07-15  2026-07-29               연체         
184      7        윤지호        나는 나를 파괴할 권리가 있다  2026-08-01  2026-08-15               연체         
176      5        정하늘        칼의 노래             2026-08-20  2026-09-03               연체         
168      2        이서연        소년이 온다            2026-09-01  2026-09-15               연체         
171      3        박지훈        여행의 이유            2026-09-07  2026-09-21               연체         
174      4        최유진        희랍어 시간            2026-09-10  2026-09-24               연체         
183      6        강도윤        작별인사              2026-09-17  2026-10-01               연체         
166      1        김민수        떨림과 울림            2026-09-18  2026-10-02               오늘 기한      
177      5        정하늘        남한산성              2026-09-18  2026-10-02               오늘 기한      
172      3        박지훈        쇼코의 미소            2026-09-19  2026-10-03               기한 전       
181      27       유건우        피프티 피플            2026-09-20  2026-10-04               기한 전       
182      27       유건우        시선으로부터,           2026-09-20  2026-10-04               기한 전       
169      2        이서연        흰                 2026-09-25  2026-10-09               기한 전       
170      2        이서연        작별하지 않는다          2026-09-26  2026-10-10               기한 전       
173      3        박지훈        열두 발자국            2026-09-29  2026-10-13               기한 전       
178      25       조현서        보건교사 안은영          2026-09-30  2026-10-14               기한 전       
179      25       조현서        정재승의 과학콘서트        2026-09-30  2026-10-14               기한 전       
175      4        최유진        내게 무해한 사람         2026-10-01  2026-10-15               기한 전       
167      1        김민수        하늘과 바람과 별과 시      2026-10-02  2026-10-16               기한 전       
180      26       배지안        밝은 밤              2026-10-02  2026-10-16               기한 전       
author_id  author_name
---------  -----------
8          황석영        
category_id  category_name  book_count
-----------  -------------  ----------
1            소설             19        
2            소설집            4         
5            과학             3         
3            산문집            1         
4            시집             1         
6            인문교양           1         
7            경제경영           1         
user_id  user_name  total_loan_count  active_loan_count
-------  ---------  ----------------  -----------------
1        김민수        22                4                
8        장수빈        22                0                
2        이서연        17                3                
3        박지훈        15                3                
4        최유진        12                2                
9        임현우        12                0                
5        정하늘        10                2                
10       한지민        10                0                
6        강도윤        8                 1                
11       오세진        8                 0                
7        윤지호        7                 1                
12       서다은        6                 0                
13       신우진        5                 0                
14       권예린        5                 0                
15       황준서        4                 0                
16       안소윤        4                 0                
17       송태훈        3                 0                
18       류민지        3                 0                
19       김민수        2                 0                
20       홍지수        2                 0                
25       조현서        2                 2                
27       유건우        2                 2                
21       문성호        1                 0                
22       백예진        1                 0                
26       배지안        1                 1                
28       손채원        1                 1                
23       남준혁        0                 0                
24       전수아        0                 0                
29       양승민        0                 0                
30       노은채        0                 0                
category_id  category_name  returned_loan_count  total_loan_days  avg_loan_days
-----------  -------------  -------------------  ---------------  -------------
1            소설             118                  1650.0           13.98        
2            소설집            25                   358.0            14.32        
3            산문집            9                    131.0            14.56        
4            시집             0                    0                             
5            과학             10                   161.0            16.1         
6            인문교양           1                    1.0              1.0          
7            경제경영           0                    0                             
book_id  title
-------  -----
30       돈의 속성
